../Core/Src/lcd.c:17:6:lcd_set_traffic1	32	static
../Core/Src/lcd.c:23:6:lcd_set_traffic2	32	static
../Core/Src/lcd.c:29:6:lcd_set_traffic_setting	32	static
../Core/Src/lcd.c:34:6:lcd_blinky	16	static
../Core/Src/lcd.c:44:6:LCD_WR_REG	16	static
../Core/Src/lcd.c:49:6:LCD_WR_DATA	16	static
../Core/Src/lcd.c:54:10:LCD_RD_DATA	16	static
../Core/Src/lcd.c:62:6:lcd_AddressSet	24	static
../Core/Src/lcd.c:78:6:lcd_SetCursor	16	static
../Core/Src/lcd.c:88:6:lcd_DisplayOn	8	static
../Core/Src/lcd.c:93:6:lcd_DisplayOff	8	static
../Core/Src/lcd.c:98:10:lcd_ReadPoint	24	static
../Core/Src/lcd.c:116:6:lcd_Clear	24	static
../Core/Src/lcd.c:138:6:lcd_Fill	32	static
../Core/Src/lcd.c:158:6:lcd_DrawPoint	16	static
../Core/Src/lcd.c:173:6:lcd_DrawLine	64	static
../Core/Src/lcd.c:209:6:lcd_DrawRectangle	32	static
../Core/Src/lcd.c:217:6:lcd_ShowChar	40	static
../Core/Src/lcd.c:261:10:mypow	24	static
../Core/Src/lcd.c:268:6:lcd_ShowIntNum	48	static
../Core/Src/lcd.c:290:6:lcd_ShowFloatNum	56	static
../Core/Src/lcd.c:309:6:lcd_ShowPicture	40	static
../Core/Src/lcd.c:328:6:lcd_SetDir	16	static
../Core/Src/lcd.c:342:6:lcd_init	8	static
../Core/Src/lcd.c:452:13:_draw_circle_8	24	static
../Core/Src/lcd.c:471:6:lcd_DrawCircle	48	static
../Core/Src/lcd.c:507:6:lcd_ShowStr	56	static
../Core/Src/lcd.c:535:6:lcd_StrCenter	48	static
